Archive member included to satisfy reference by file (symbol)

../../../../../libopencm3//lib/libopencm3_stm32f4.a(gpio_common_all.o)
                              spi-mems.o (gpio_set)
../../../../../libopencm3//lib/libopencm3_stm32f4.a(gpio_common_f0234.o)
                              console.o (gpio_mode_setup)
../../../../../libopencm3//lib/libopencm3_stm32f4.a(rcc_common_all.o)
                              console.o (rcc_periph_clock_enable)
../../../../../libopencm3//lib/libopencm3_stm32f4.a(rcc.o)
                              clock.o (rcc_clock_setup_pll)
../../../../../libopencm3//lib/libopencm3_stm32f4.a(spi_common_all.o)
                              spi-mems.o (spi_enable)
../../../../../libopencm3//lib/libopencm3_stm32f4.a(usart_common_all.o)
                              console.o (usart_set_baudrate)
../../../../../libopencm3//lib/libopencm3_stm32f4.a(usart_common_f124.o)
                              ../../../../../libopencm3//lib/libopencm3_stm32f4.a(usart_common_all.o) (usart_send)
../../../../../libopencm3//lib/libopencm3_stm32f4.a(vector.o)
                              (reset_handler)
../../../../../libopencm3//lib/libopencm3_stm32f4.a(systick.o)
                              clock.o (systick_set_reload)
../../../../../libopencm3//lib/libopencm3_stm32f4.a(scb.o)
                              console.o (scb_reset_system)
../../../../../libopencm3//lib/libopencm3_stm32f4.a(nvic.o)
                              console.o (nvic_enable_irq)
../../../../../libopencm3//lib/libopencm3_stm32f4.a(flash_common_all.o)
                              ../../../../../libopencm3//lib/libopencm3_stm32f4.a(rcc.o) (flash_set_ws)
../../../../../libopencm3//lib/libopencm3_stm32f4.a(flash_common_idcache.o)
                              ../../../../../libopencm3//lib/libopencm3_stm32f4.a(rcc.o) (flash_dcache_enable)
../../../../../libopencm3//lib/libopencm3_stm32f4.a(pwr.o)
                              ../../../../../libopencm3//lib/libopencm3_stm32f4.a(rcc.o) (pwr_set_vos_scale)

Discarded input sections

 .group         0x0000000000000000        0xc clock.o
 .group         0x0000000000000000        0xc clock.o
 .group         0x0000000000000000        0xc clock.o
 .group         0x0000000000000000        0xc clock.o
 .group         0x0000000000000000        0xc clock.o
 .group         0x0000000000000000        0xc clock.o
 .group         0x0000000000000000        0xc clock.o
 .group         0x0000000000000000        0xc clock.o
 .group         0x0000000000000000        0xc clock.o
 .group         0x0000000000000000        0xc clock.o
 .group         0x0000000000000000        0xc clock.o
 .group         0x0000000000000000        0xc clock.o
 .group         0x0000000000000000        0xc clock.o
 .text          0x0000000000000000        0x0 clock.o
 .data          0x0000000000000000        0x0 clock.o
 .bss           0x0000000000000000        0x0 clock.o
 .text.mtime    0x0000000000000000        0xc clock.o
 .group         0x0000000000000000        0xc console.o
 .group         0x0000000000000000        0xc console.o
 .group         0x0000000000000000        0xc console.o
 .group         0x0000000000000000        0xc console.o
 .group         0x0000000000000000        0xc console.o
 .group         0x0000000000000000        0xc console.o
 .group         0x0000000000000000        0xc console.o
 .group         0x0000000000000000        0xc console.o
 .group         0x0000000000000000        0xc console.o
 .group         0x0000000000000000        0xc console.o
 .group         0x0000000000000000        0xc console.o
 .group         0x0000000000000000        0xc console.o
 .group         0x0000000000000000        0xc console.o
 .group         0x0000000000000000        0xc console.o
 .group         0x0000000000000000        0xc console.o
 .group         0x0000000000000000        0xc console.o
 .group         0x0000000000000000        0xc console.o
 .group         0x0000000000000000        0xc console.o
 .group         0x0000000000000000        0xc console.o
 .group         0x0000000000000000        0xc console.o
 .group         0x0000000000000000        0xc console.o
 .group         0x0000000000000000        0xc console.o
 .group         0x0000000000000000        0xc console.o
 .group         0x0000000000000000        0xc console.o
 .group         0x0000000000000000        0xc console.o
 .group         0x0000000000000000        0xc console.o
 .group         0x0000000000000000        0xc console.o
 .group         0x0000000000000000        0xc console.o
 .text          0x0000000000000000        0x0 console.o
 .data          0x0000000000000000        0x0 console.o
 .bss           0x0000000000000000        0x0 console.o
 .rodata.console_gets.str1.1
                0x0000000000000000        0x4 console.o
 .text.console_gets
                0x0000000000000000       0x54 console.o
 .debug_macro   0x0000000000000000      0xaa2 console.o
 .debug_macro   0x0000000000000000      0x34e console.o
[...]
Memory Configuration

Name             Origin             Length             Attributes
rom              0x0000000008000000 0x0000000000200000 xr
ccm              0x0000000010000000 0x0000000000010000 xrw
ram              0x0000000020000000 0x0000000000030000 xrw
*default*        0x0000000000000000 0xffffffffffffffff

Linker script and memory map

LOAD clock.o
LOAD console.o
LOAD spi-mems.o
LOAD ../../../../../libopencm3//lib/libopencm3_stm32f4.a
START GROUP
LOAD /usr/lib/gcc/arm-none-eabi/9.2.1/../../../arm-none-eabi/lib/thumb/v7e-m+fp/hard/libc.a
LOAD /usr/lib/gcc/arm-none-eabi/9.2.1/thumb/v7e-m+fp/hard/libgcc.a
LOAD /usr/lib/gcc/arm-none-eabi/9.2.1/../../../arm-none-eabi/lib/thumb/v7e-m+fp/hard/libnosys.a
END GROUP
START GROUP
LOAD /usr/lib/gcc/arm-none-eabi/9.2.1/thumb/v7e-m+fp/hard/libgcc.a
LOAD /usr/lib/gcc/arm-none-eabi/9.2.1/../../../arm-none-eabi/lib/thumb/v7e-m+fp/hard/libg.a
LOAD /usr/lib/gcc/arm-none-eabi/9.2.1/../../../arm-none-eabi/lib/thumb/v7e-m+fp/hard/libc.a
END GROUP

.text           0x0000000008000000      0xdd0
 *(.vectors)
 .vectors       0x0000000008000000      0x1ac ../../../../../libopencm3//lib/libopencm3_stm32f4.a(vector.o)
                0x0000000008000000                vector_table
 *(.text*)
 .text.sys_tick_handler
                0x00000000080001ac       0x10 clock.o
                0x00000000080001ac                sys_tick_handler
 .text.msleep   0x00000000080001bc       0x14 clock.o
                0x00000000080001bc                msleep
 .text.clock_setup
                0x00000000080001d0       0x28 clock.o
                0x00000000080001d0                clock_setup
 .text.usart1_isr
                0x00000000080001f8       0x58 console.o
                0x00000000080001f8                usart1_isr
 .text.console_putc
                0x0000000008000250       0x18 console.o
                0x0000000008000250                console_putc
 .text.console_getc
                0x0000000008000268       0x44 console.o
                0x0000000008000268                console_getc
 .text.console_puts
                0x00000000080002ac       0x1e console.o
                0x00000000080002ac                console_puts
 *fill*         0x00000000080002ca        0x2 
 .text.console_setup
                0x00000000080002cc       0x80 console.o
                0x00000000080002cc                console_setup
 .text.spi_setup
                0x000000000800034c       0xb4 spi-mems.o
                0x000000000800034c                spi_setup
 .text.spi_init
                0x0000000008000400       0x6c spi-mems.o
                0x0000000008000400                spi_init
 .text.read_reg
                0x000000000800046c       0x50 spi-mems.o
                0x000000000800046c                read_reg
 .text.read_xyz
                0x00000000080004bc       0x80 spi-mems.o
                0x00000000080004bc                read_xyz
 .text.write_reg
                0x000000000800053c       0x44 spi-mems.o
                0x000000000800053c                write_reg
 .text.print_decimal
                0x0000000008000580       0x52 spi-mems.o
                0x0000000008000580                print_decimal
 *fill*         0x00000000080005d2        0x2 
 .text.startup.main
                0x00000000080005d4       0xd8 spi-mems.o
                0x00000000080005d4                main
 .text.gpio_set
                0x00000000080006ac        0x4 ../../../../../libopencm3//lib/libopencm3_stm32f4.a(gpio_common_all.o)
                0x00000000080006ac                gpio_set
 .text.gpio_clear
                0x00000000080006b0        0x6 ../../../../../libopencm3//lib/libopencm3_stm32f4.a(gpio_common_all.o)
                0x00000000080006b0                gpio_clear
 .text.gpio_mode_setup
                0x00000000080006b6       0x40 ../../../../../libopencm3//lib/libopencm3_stm32f4.a(gpio_common_f0234.o)
                0x00000000080006b6                gpio_mode_setup
 .text.gpio_set_output_options
                0x00000000080006f6       0x36 ../../../../../libopencm3//lib/libopencm3_stm32f4.a(gpio_common_f0234.o)
                0x00000000080006f6                gpio_set_output_options
 .text.gpio_set_af
                0x000000000800072c       0x54 ../../../../../libopencm3//lib/libopencm3_stm32f4.a(gpio_common_f0234.o)
                0x000000000800072c                gpio_set_af
 .text.rcc_periph_clock_enable
                0x0000000008000780       0x1c ../../../../../libopencm3//lib/libopencm3_stm32f4.a(rcc_common_all.o)
                0x0000000008000780                rcc_periph_clock_enable
 .text.rcc_is_osc_ready
                0x000000000800079c       0x5c ../../../../../libopencm3//lib/libopencm3_stm32f4.a(rcc.o)
                0x000000000800079c                rcc_is_osc_ready
 .text.rcc_wait_for_osc_ready
                0x00000000080007f8       0x10 ../../../../../libopencm3//lib/libopencm3_stm32f4.a(rcc.o)
                0x00000000080007f8                rcc_wait_for_osc_ready
 .text.rcc_osc_on
                0x0000000008000808       0x58 ../../../../../libopencm3//lib/libopencm3_stm32f4.a(rcc.o)
                0x0000000008000808                rcc_osc_on
 .text.rcc_osc_off
                0x0000000008000860       0x58 ../../../../../libopencm3//lib/libopencm3_stm32f4.a(rcc.o)
                0x0000000008000860                rcc_osc_off
 .text.rcc_set_sysclk_source
                0x00000000080008b8       0x14 ../../../../../libopencm3//lib/libopencm3_stm32f4.a(rcc.o)
                0x00000000080008b8                rcc_set_sysclk_source
 .text.rcc_set_ppre2
                0x00000000080008cc       0x14 ../../../../../libopencm3//lib/libopencm3_stm32f4.a(rcc.o)
                0x00000000080008cc                rcc_set_ppre2
 .text.rcc_set_ppre1
                0x00000000080008e0       0x14 ../../../../../libopencm3//lib/libopencm3_stm32f4.a(rcc.o)
                0x00000000080008e0                rcc_set_ppre1
 .text.rcc_set_hpre
                0x00000000080008f4       0x14 ../../../../../libopencm3//lib/libopencm3_stm32f4.a(rcc.o)
                0x00000000080008f4                rcc_set_hpre
 .text.rcc_set_main_pll_hsi
                0x0000000008000908       0x44 ../../../../../libopencm3//lib/libopencm3_stm32f4.a(rcc.o)
                0x0000000008000908                rcc_set_main_pll_hsi
 .text.rcc_set_main_pll_hse
                0x000000000800094c       0x44 ../../../../../libopencm3//lib/libopencm3_stm32f4.a(rcc.o)
                0x000000000800094c                rcc_set_main_pll_hse
 .text.rcc_clock_setup_pll
                0x0000000008000990       0xf4 ../../../../../libopencm3//lib/libopencm3_stm32f4.a(rcc.o)
                0x0000000008000990                rcc_clock_setup_pll
 .text.spi_enable
                0x0000000008000a84        0xa ../../../../../libopencm3//lib/libopencm3_stm32f4.a(spi_common_all.o)
                0x0000000008000a84                spi_enable
 .text.spi_send
                0x0000000008000a8e        0xa ../../../../../libopencm3//lib/libopencm3_stm32f4.a(spi_common_all.o)
                0x0000000008000a8e                spi_send
 .text.spi_read
                0x0000000008000a98        0xc ../../../../../libopencm3//lib/libopencm3_stm32f4.a(spi_common_all.o)
                0x0000000008000a98                spi_read
 .text.spi_set_unidirectional_mode
                0x0000000008000aa4        0xa ../../../../../libopencm3//lib/libopencm3_stm32f4.a(spi_common_all.o)
                0x0000000008000aa4                spi_set_unidirectional_mode
 .text.spi_set_full_duplex_mode
                0x0000000008000aae        0xa ../../../../../libopencm3//lib/libopencm3_stm32f4.a(spi_common_all.o)
                0x0000000008000aae                spi_set_full_duplex_mode
 .text.spi_enable_software_slave_management
                0x0000000008000ab8       0x12 ../../../../../libopencm3//lib/libopencm3_stm32f4.a(spi_common_all.o)
                0x0000000008000ab8                spi_enable_software_slave_management
 .text.spi_set_nss_high
                0x0000000008000aca        0xa ../../../../../libopencm3//lib/libopencm3_stm32f4.a(spi_common_all.o)
                0x0000000008000aca                spi_set_nss_high
 .text.spi_send_msb_first
                0x0000000008000ad4        0xa ../../../../../libopencm3//lib/libopencm3_stm32f4.a(spi_common_all.o)
                0x0000000008000ad4                spi_send_msb_first
 .text.spi_set_baudrate_prescaler
                0x0000000008000ade       0x16 ../../../../../libopencm3//lib/libopencm3_stm32f4.a(spi_common_all.o)
                0x0000000008000ade                spi_set_baudrate_prescaler
 .text.spi_set_master_mode
                0x0000000008000af4        0xa ../../../../../libopencm3//lib/libopencm3_stm32f4.a(spi_common_all.o)
                0x0000000008000af4                spi_set_master_mode
 .text.spi_set_clock_polarity_0
                0x0000000008000afe        0xa ../../../../../libopencm3//lib/libopencm3_stm32f4.a(spi_common_all.o)
                0x0000000008000afe                spi_set_clock_polarity_0
 .text.spi_set_clock_phase_0
                0x0000000008000b08        0xa ../../../../../libopencm3//lib/libopencm3_stm32f4.a(spi_common_all.o)
                0x0000000008000b08                spi_set_clock_phase_0
 *fill*         0x0000000008000b12        0x2 
 .text.usart_set_baudrate
                0x0000000008000b14       0x2c ../../../../../libopencm3//lib/libopencm3_stm32f4.a(usart_common_all.o)
                0x0000000008000b14                usart_set_baudrate
 .text.usart_set_databits
                0x0000000008000b40       0x12 ../../../../../libopencm3//lib/libopencm3_stm32f4.a(usart_common_all.o)
                0x0000000008000b40                usart_set_databits
 .text.usart_set_stopbits
                0x0000000008000b52        0xc ../../../../../libopencm3//lib/libopencm3_stm32f4.a(usart_common_all.o)
                0x0000000008000b52                usart_set_stopbits
 .text.usart_set_parity
                0x0000000008000b5e        0xc ../../../../../libopencm3//lib/libopencm3_stm32f4.a(usart_common_all.o)
                0x0000000008000b5e                usart_set_parity
 .text.usart_set_mode
                0x0000000008000b6a        0xc ../../../../../libopencm3//lib/libopencm3_stm32f4.a(usart_common_all.o)
                0x0000000008000b6a                usart_set_mode
 .text.usart_set_flow_control
                0x0000000008000b76        0xc ../../../../../libopencm3//lib/libopencm3_stm32f4.a(usart_common_all.o)
                0x0000000008000b76                usart_set_flow_control
 .text.usart_enable
                0x0000000008000b82        0xa ../../../../../libopencm3//lib/libopencm3_stm32f4.a(usart_common_all.o)
                0x0000000008000b82                usart_enable
 .text.usart_enable_rx_interrupt
                0x0000000008000b8c        0xa ../../../../../libopencm3//lib/libopencm3_stm32f4.a(usart_common_all.o)
                0x0000000008000b8c                usart_enable_rx_interrupt
 .text.blocking_handler
                0x0000000008000b96        0x2 ../../../../../libopencm3//lib/libopencm3_stm32f4.a(vector.o)
                0x0000000008000b96                dma2_stream1_isr
                0x0000000008000b96                tim8_brk_tim12_isr
                0x0000000008000b96                dma1_stream7_isr
                0x0000000008000b96                usart3_isr
                0x0000000008000b96                tim7_isr
                0x0000000008000b96                dma2d_isr
                0x0000000008000b96                uart8_isr
                0x0000000008000b96                dma1_stream2_isr
                0x0000000008000b96                otg_hs_isr
                0x0000000008000b96                blocking_handler
                0x0000000008000b96                tim5_isr
                0x0000000008000b96                rtc_wkup_isr
                0x0000000008000b96                otg_fs_isr
                0x0000000008000b96                spi1_isr
                0x0000000008000b96                i2c3_er_isr
                0x0000000008000b96                exti2_isr
                0x0000000008000b96                spi5_isr
                0x0000000008000b96                usb_fs_wkup_isr
                0x0000000008000b96                tamp_stamp_isr
                0x0000000008000b96                can1_rx1_isr
                0x0000000008000b96                dma2_stream0_isr
                0x0000000008000b96                i2c3_ev_isr
                0x0000000008000b96                usage_fault_handler
                0x0000000008000b96                can2_rx0_isr
                0x0000000008000b96                dma1_stream6_isr
                0x0000000008000b96                can2_rx1_isr
                0x0000000008000b96                can1_sce_isr
                0x0000000008000b96                tim1_cc_isr
                0x0000000008000b96                can1_tx_isr
                0x0000000008000b96                tim1_up_tim10_isr
                0x0000000008000b96                sdio_isr
                0x0000000008000b96                eth_isr
                0x0000000008000b96                spi6_isr
                0x0000000008000b96                dma2_stream5_isr
                0x0000000008000b96                pvd_isr
                0x0000000008000b96                can1_rx0_isr
                0x0000000008000b96                rcc_isr
                0x0000000008000b96                dma2_stream3_isr
                0x0000000008000b96                flash_isr
                0x0000000008000b96                uart4_isr
                0x0000000008000b96                lcd_tft_isr
                0x0000000008000b96                rtc_alarm_isr
                0x0000000008000b96                exti15_10_isr
                0x0000000008000b96                hash_rng_isr
                0x0000000008000b96                tim1_trg_com_tim11_isr
                0x0000000008000b96                hard_fault_handler
                0x0000000008000b96                exti1_isr
                0x0000000008000b96                i2c1_ev_isr
                0x0000000008000b96                usart6_isr
                0x0000000008000b96                spi2_isr
                0x0000000008000b96                cryp_isr
                0x0000000008000b96                nvic_wwdg_isr
                0x0000000008000b96                dma1_stream1_isr
                0x0000000008000b96                dma2_stream4_isr
                0x0000000008000b96                exti3_isr
                0x0000000008000b96                tim3_isr
                0x0000000008000b96                usart2_isr
                0x0000000008000b96                sai1_isr
                0x0000000008000b96                fpu_isr
                0x0000000008000b96                dma1_stream4_isr
                0x0000000008000b96                i2c2_er_isr
                0x0000000008000b96                i2c2_ev_isr
                0x0000000008000b96                uart5_isr
                0x0000000008000b96                dma2_stream6_isr
                0x0000000008000b96                spi4_isr
                0x0000000008000b96                adc_isr
                0x0000000008000b96                dma2_stream7_isr
                0x0000000008000b96                tim8_up_tim13_isr
                0x0000000008000b96                fsmc_isr
                0x0000000008000b96                exti4_isr
                0x0000000008000b96                tim6_dac_isr
                0x0000000008000b96                dma1_stream3_isr
                0x0000000008000b96                tim8_trg_com_tim14_isr
                0x0000000008000b96                mem_manage_handler
                0x0000000008000b96                lcd_tft_err_isr
                0x0000000008000b96                can2_tx_isr
                0x0000000008000b96                exti9_5_isr
                0x0000000008000b96                tim1_brk_tim9_isr
                0x0000000008000b96                uart7_isr
                0x0000000008000b96                can2_sce_isr
                0x0000000008000b96                tim4_isr
                0x0000000008000b96                otg_hs_wkup_isr
                0x0000000008000b96                i2c1_er_isr
                0x0000000008000b96                dma1_stream0_isr
                0x0000000008000b96                tim8_cc_isr
                0x0000000008000b96                dcmi_isr
                0x0000000008000b96                dma2_stream2_isr
                0x0000000008000b96                eth_wkup_isr
                0x0000000008000b96                bus_fault_handler
                0x0000000008000b96                otg_hs_ep1_out_isr
                0x0000000008000b96                spi3_isr
                0x0000000008000b96                dma1_stream5_isr
                0x0000000008000b96                otg_hs_ep1_in_isr
                0x0000000008000b96                tim2_isr
                0x0000000008000b96                exti0_isr
 .text.null_handler
                0x0000000008000b98        0x2 ../../../../../libopencm3//lib/libopencm3_stm32f4.a(vector.o)
                0x0000000008000b98                null_handler
                0x0000000008000b98                sv_call_handler
                0x0000000008000b98                pend_sv_handler
                0x0000000008000b98                debug_monitor_handler
                0x0000000008000b98                nmi_handler
 *fill*         0x0000000008000b9a        0x2 
 .text.reset_handler
                0x0000000008000b9c       0x98 ../../../../../libopencm3//lib/libopencm3_stm32f4.a(vector.o)
                0x0000000008000b9c                reset_handler
 .text.systick_set_reload
                0x0000000008000c34       0x10 ../../../../../libopencm3//lib/libopencm3_stm32f4.a(systick.o)
                0x0000000008000c34                systick_set_reload
 .text.systick_set_clocksource
                0x0000000008000c44       0x18 ../../../../../libopencm3//lib/libopencm3_stm32f4.a(systick.o)
                0x0000000008000c44                systick_set_clocksource
 .text.systick_interrupt_enable
                0x0000000008000c5c       0x10 ../../../../../libopencm3//lib/libopencm3_stm32f4.a(systick.o)
                0x0000000008000c5c                systick_interrupt_enable
 .text.systick_counter_enable
                0x0000000008000c6c       0x10 ../../../../../libopencm3//lib/libopencm3_stm32f4.a(systick.o)
                0x0000000008000c6c                systick_counter_enable
 .text.scb_reset_system
                0x0000000008000c7c       0x10 ../../../../../libopencm3//lib/libopencm3_stm32f4.a(scb.o)
                0x0000000008000c7c                scb_reset_system
 .text.nvic_enable_irq
                0x0000000008000c8c       0x1c ../../../../../libopencm3//lib/libopencm3_stm32f4.a(nvic.o)
                0x0000000008000c8c                nvic_enable_irq
 .text.flash_set_ws
                0x0000000008000ca8       0x14 ../../../../../libopencm3//lib/libopencm3_stm32f4.a(flash_common_all.o)
                0x0000000008000ca8                flash_set_ws
 .text.flash_dcache_enable
                0x0000000008000cbc       0x10 ../../../../../libopencm3//lib/libopencm3_stm32f4.a(flash_common_idcache.o)
                0x0000000008000cbc                flash_dcache_enable
 .text.flash_dcache_disable
                0x0000000008000ccc       0x10 ../../../../../libopencm3//lib/libopencm3_stm32f4.a(flash_common_idcache.o)
                0x0000000008000ccc                flash_dcache_disable
 .text.flash_icache_enable
                0x0000000008000cdc       0x10 ../../../../../libopencm3//lib/libopencm3_stm32f4.a(flash_common_idcache.o)
                0x0000000008000cdc                flash_icache_enable
 .text.flash_icache_disable
                0x0000000008000cec       0x10 ../../../../../libopencm3//lib/libopencm3_stm32f4.a(flash_common_idcache.o)
                0x0000000008000cec                flash_icache_disable
 .text.pwr_set_vos_scale
                0x0000000008000cfc       0x18 ../../../../../libopencm3//lib/libopencm3_stm32f4.a(pwr.o)
                0x0000000008000cfc                pwr_set_vos_scale
                0x0000000008000d14                . = ALIGN (0x4)
 *(.rodata*)
 .rodata.main.str1.1
                0x0000000008000d14       0x5c spi-mems.o
                                         0x5e (size before relaxing)
 .rodata.str1.1
                0x0000000008000d70        0xc spi-mems.o
 .rodata.rcc_hse_8mhz_3v3
                0x0000000008000d7c       0x54 ../../../../../libopencm3//lib/libopencm3_stm32f4.a(rcc.o)
                0x0000000008000d7c                rcc_hse_8mhz_3v3
                0x0000000008000dd0                . = ALIGN (0x4)

.glue_7         0x0000000008000dd0        0x0
 .glue_7        0x0000000008000dd0        0x0 linker stubs

.glue_7t        0x0000000008000dd0        0x0
 .glue_7t       0x0000000008000dd0        0x0 linker stubs

.vfp11_veneer   0x0000000008000dd0        0x0
 .vfp11_veneer  0x0000000008000dd0        0x0 linker stubs

.v4_bx          0x0000000008000dd0        0x0
 .v4_bx         0x0000000008000dd0        0x0 linker stubs

.iplt           0x0000000008000dd0        0x0
 .iplt          0x0000000008000dd0        0x0 clock.o

.rel.dyn        0x0000000008000dd0        0x0
 .rel.iplt      0x0000000008000dd0        0x0 clock.o

.preinit_array  0x0000000008000dd0        0x0
                0x0000000008000dd0                . = ALIGN (0x4)
                0x0000000008000dd0                __preinit_array_start = .
 *(.preinit_array)
                0x0000000008000dd0                __preinit_array_end = .

.init_array     0x0000000008000dd0        0x0
                0x0000000008000dd0                . = ALIGN (0x4)
                0x0000000008000dd0                __init_array_start = .
 *(SORT_BY_NAME(.init_array.*))
 *(.init_array)
                0x0000000008000dd0                __init_array_end = .

.fini_array     0x0000000008000dd0        0x0
                0x0000000008000dd0                . = ALIGN (0x4)
                0x0000000008000dd0                __fini_array_start = .
 *(.fini_array)
 *(SORT_BY_NAME(.fini_array.*))
                0x0000000008000dd0                __fini_array_end = .

.ARM.extab
 *(.ARM.extab*)

.ARM.exidx      0x0000000008000dd0        0x0
                0x0000000008000dd0                __exidx_start = .
 *(.ARM.exidx*)
                0x0000000008000dd0                __exidx_end = .
                0x0000000008000dd0                . = ALIGN (0x4)
                0x0000000008000dd0                _etext = .

.noinit
 *(.noinit*)
                0x0000000008000dd0                . = ALIGN (0x4)

.data           0x0000000020000000       0x18 load address 0x0000000008000dd0
                0x0000000020000000                _data = .
 *(.data*)
 .data.axes     0x0000000020000000        0xc spi-mems.o
                0x0000000020000000                axes
 .data.rcc_ahb_frequency
                0x000000002000000c        0x4 ../../../../../libopencm3//lib/libopencm3_stm32f4.a(rcc.o)
                0x000000002000000c                rcc_ahb_frequency
 .data.rcc_apb1_frequency
                0x0000000020000010        0x4 ../../../../../libopencm3//lib/libopencm3_stm32f4.a(rcc.o)
                0x0000000020000010                rcc_apb1_frequency
 .data.rcc_apb2_frequency
                0x0000000020000014        0x4 ../../../../../libopencm3//lib/libopencm3_stm32f4.a(rcc.o)
                0x0000000020000014                rcc_apb2_frequency
 *(.ramtext*)
                0x0000000020000018                . = ALIGN (0x4)
                0x0000000020000018                _edata = .
                0x0000000008000dd0                _data_loadaddr = LOADADDR (.data)

.igot.plt       0x0000000020000018        0x0 load address 0x0000000008000de8
 .igot.plt      0x0000000020000018        0x0 clock.o

.bss            0x0000000020000018       0x8c load address 0x0000000008000de8
 *(.bss*)
 .bss.system_millis
                0x0000000020000018        0x4 clock.o
 .bss.recv_buf  0x000000002000001c       0x80 console.o
                0x000000002000001c                recv_buf
 .bss.recv_ndx_cur
                0x000000002000009c        0x4 console.o
                0x000000002000009c                recv_ndx_cur
 .bss.recv_ndx_nxt
                0x00000000200000a0        0x4 console.o
                0x00000000200000a0                recv_ndx_nxt
 *(COMMON)
                0x00000000200000a4                . = ALIGN (0x4)
                0x00000000200000a4                _ebss = .

/DISCARD/
 *(.eh_frame)
                0x00000000200000a4                . = ALIGN (0x4)
                0x00000000200000a4                end = .
                0x0000000020030000                PROVIDE (_stack = (ORIGIN (ram) + LENGTH (ram)))
OUTPUT(spi-mems.elf elf32-littlearm)
LOAD linker stubs

.debug_info     0x0000000000000000     0x6641
 .debug_info    0x0000000000000000      0x351 clock.o
 .debug_info    0x0000000000000351      0xac7 console.o
 .debug_info    0x0000000000000e18     0x115f spi-mems.o
 .debug_info    0x0000000000001f77      0x24e ../../../../../libopencm3//lib/libopencm3_stm32f4.a(gpio_common_all.o)
 .debug_info    0x00000000000021c5      0x20f ../../../../../libopencm3//lib/libopencm3_stm32f4.a(gpio_common_f0234.o)
 .debug_info    0x00000000000023d4      0xaca ../../../../../libopencm3//lib/libopencm3_stm32f4.a(rcc_common_all.o)
 .debug_info    0x0000000000002e9e     0x1124 ../../../../../libopencm3//lib/libopencm3_stm32f4.a(rcc.o)
 .debug_info    0x0000000000003fc2      0xbd0 ../../../../../libopencm3//lib/libopencm3_stm32f4.a(spi_common_all.o)
 .debug_info    0x0000000000004b92      0x71e ../../../../../libopencm3//lib/libopencm3_stm32f4.a(usart_common_all.o)
 .debug_info    0x00000000000052b0      0x2e6 ../../../../../libopencm3//lib/libopencm3_stm32f4.a(vector.o)
 .debug_info    0x0000000000005596      0x268 ../../../../../libopencm3//lib/libopencm3_stm32f4.a(systick.o)
 .debug_info    0x00000000000057fe      0x962 ../../../../../libopencm3//lib/libopencm3_stm32f4.a(scb.o)
 .debug_info    0x0000000000006160      0x22d ../../../../../libopencm3//lib/libopencm3_stm32f4.a(nvic.o)
 .debug_info    0x000000000000638d       0xf0 ../../../../../libopencm3//lib/libopencm3_stm32f4.a(flash_common_all.o)
 .debug_info    0x000000000000647d       0xe8 ../../../../../libopencm3//lib/libopencm3_stm32f4.a(flash_common_idcache.o)
 .debug_info    0x0000000000006565       0xdc ../../../../../libopencm3//lib/libopencm3_stm32f4.a(pwr.o)

.debug_abbrev   0x0000000000000000     0x1758
 .debug_abbrev  0x0000000000000000      0x1a7 clock.o
 .debug_abbrev  0x00000000000001a7      0x248 console.o
 .debug_abbrev  0x00000000000003ef      0x240 spi-mems.o
 .debug_abbrev  0x000000000000062f      0x116 ../../../../../libopencm3//lib/libopencm3_stm32f4.a(gpio_common_all.o)
 .debug_abbrev  0x0000000000000745       0xbf ../../../../../libopencm3//lib/libopencm3_stm32f4.a(gpio_common_f0234.o)
 .debug_abbrev  0x0000000000000804      0x1da ../../../../../libopencm3//lib/libopencm3_stm32f4.a(rcc_common_all.o)
 .debug_abbrev  0x00000000000009de      0x2d1 ../../../../../libopencm3//lib/libopencm3_stm32f4.a(rcc.o)
 .debug_abbrev  0x0000000000000caf      0x244 ../../../../../libopencm3//lib/libopencm3_stm32f4.a(spi_common_all.o)
 .debug_abbrev  0x0000000000000ef3      0x182 ../../../../../libopencm3//lib/libopencm3_stm32f4.a(usart_common_all.o)
 .debug_abbrev  0x0000000000001075      0x15b ../../../../../libopencm3//lib/libopencm3_stm32f4.a(vector.o)
 .debug_abbrev  0x00000000000011d0      0x155 ../../../../../libopencm3//lib/libopencm3_stm32f4.a(systick.o)
 .debug_abbrev  0x0000000000001325      0x1f2 ../../../../../libopencm3//lib/libopencm3_stm32f4.a(scb.o)
 .debug_abbrev  0x0000000000001517       0xb5 ../../../../../libopencm3//lib/libopencm3_stm32f4.a(nvic.o)
 .debug_abbrev  0x00000000000015cc       0x9a ../../../../../libopencm3//lib/libopencm3_stm32f4.a(flash_common_all.o)
 .debug_abbrev  0x0000000000001666       0x56 ../../../../../libopencm3//lib/libopencm3_stm32f4.a(flash_common_idcache.o)
 .debug_abbrev  0x00000000000016bc       0x9c ../../../../../libopencm3//lib/libopencm3_stm32f4.a(pwr.o)

.debug_loc      0x0000000000000000     0x1a6a
 .debug_loc     0x0000000000000000       0x3a clock.o
 .debug_loc     0x000000000000003a      0x1f3 console.o
 .debug_loc     0x000000000000022d      0x365 spi-mems.o
 .debug_loc     0x0000000000000592       0xbe ../../../../../libopencm3//lib/libopencm3_stm32f4.a(gpio_common_all.o)
 .debug_loc     0x0000000000000650      0x14d ../../../../../libopencm3//lib/libopencm3_stm32f4.a(gpio_common_f0234.o)
 .debug_loc     0x000000000000079d      0x120 ../../../../../libopencm3//lib/libopencm3_stm32f4.a(rcc_common_all.o)
 .debug_loc     0x00000000000008bd      0x8c7 ../../../../../libopencm3//lib/libopencm3_stm32f4.a(rcc.o)
 .debug_loc     0x0000000000001184      0x226 ../../../../../libopencm3//lib/libopencm3_stm32f4.a(spi_common_all.o)
 .debug_loc     0x00000000000013aa      0x206 ../../../../../libopencm3//lib/libopencm3_stm32f4.a(usart_common_all.o)
 .debug_loc     0x00000000000015b0      0x128 ../../../../../libopencm3//lib/libopencm3_stm32f4.a(vector.o)
 .debug_loc     0x00000000000016d8      0x192 ../../../../../libopencm3//lib/libopencm3_stm32f4.a(systick.o)
 .debug_loc     0x000000000000186a       0x25 ../../../../../libopencm3//lib/libopencm3_stm32f4.a(scb.o)
 .debug_loc     0x000000000000188f      0x14d ../../../../../libopencm3//lib/libopencm3_stm32f4.a(nvic.o)
 .debug_loc     0x00000000000019dc       0x47 ../../../../../libopencm3//lib/libopencm3_stm32f4.a(flash_common_all.o)
 .debug_loc     0x0000000000001a23       0x47 ../../../../../libopencm3//lib/libopencm3_stm32f4.a(pwr.o)

.debug_aranges  0x0000000000000000      0x6f0
 .debug_aranges
                0x0000000000000000       0x38 clock.o
 .debug_aranges
                0x0000000000000038       0x48 console.o
 .debug_aranges
                0x0000000000000080       0x58 spi-mems.o
 .debug_aranges
                0x00000000000000d8       0x50 ../../../../../libopencm3//lib/libopencm3_stm32f4.a(gpio_common_all.o)
 .debug_aranges
                0x0000000000000128       0x30 ../../../../../libopencm3//lib/libopencm3_stm32f4.a(gpio_common_f0234.o)
 .debug_aranges
                0x0000000000000158       0x60 ../../../../../libopencm3//lib/libopencm3_stm32f4.a(rcc_common_all.o)
 .debug_aranges
                0x00000000000001b8      0x110 ../../../../../libopencm3//lib/libopencm3_stm32f4.a(rcc.o)
 .debug_aranges
                0x00000000000002c8      0x178 ../../../../../libopencm3//lib/libopencm3_stm32f4.a(spi_common_all.o)
 .debug_aranges
                0x0000000000000440       0xd8 ../../../../../libopencm3//lib/libopencm3_stm32f4.a(usart_common_all.o)
 .debug_aranges
                0x0000000000000518       0x30 ../../../../../libopencm3//lib/libopencm3_stm32f4.a(vector.o)
 .debug_aranges
                0x0000000000000548       0x78 ../../../../../libopencm3//lib/libopencm3_stm32f4.a(systick.o)
 .debug_aranges
                0x00000000000005c0       0x30 ../../../../../libopencm3//lib/libopencm3_stm32f4.a(scb.o)
 .debug_aranges
                0x00000000000005f0       0x60 ../../../../../libopencm3//lib/libopencm3_stm32f4.a(nvic.o)
 .debug_aranges
                0x0000000000000650       0x38 ../../../../../libopencm3//lib/libopencm3_stm32f4.a(flash_common_all.o)
 .debug_aranges
                0x0000000000000688       0x48 ../../../../../libopencm3//lib/libopencm3_stm32f4.a(flash_common_idcache.o)
 .debug_aranges
                0x00000000000006d0       0x20 ../../../../../libopencm3//lib/libopencm3_stm32f4.a(pwr.o)

.debug_ranges   0x0000000000000000      0x6a0
 .debug_ranges  0x0000000000000000       0x28 clock.o
 .debug_ranges  0x0000000000000028       0x38 console.o
 .debug_ranges  0x0000000000000060       0x68 spi-mems.o
 .debug_ranges  0x00000000000000c8       0x40 ../../../../../libopencm3//lib/libopencm3_stm32f4.a(gpio_common_all.o)
 .debug_ranges  0x0000000000000108       0x20 ../../../../../libopencm3//lib/libopencm3_stm32f4.a(gpio_common_f0234.o)
 .debug_ranges  0x0000000000000128       0x50 ../../../../../libopencm3//lib/libopencm3_stm32f4.a(rcc_common_all.o)
 .debug_ranges  0x0000000000000178      0x178 ../../../../../libopencm3//lib/libopencm3_stm32f4.a(rcc.o)
 .debug_ranges  0x00000000000002f0      0x168 ../../../../../libopencm3//lib/libopencm3_stm32f4.a(spi_common_all.o)
 .debug_ranges  0x0000000000000458       0xc8 ../../../../../libopencm3//lib/libopencm3_stm32f4.a(usart_common_all.o)
 .debug_ranges  0x0000000000000520       0x20 ../../../../../libopencm3//lib/libopencm3_stm32f4.a(vector.o)
 .debug_ranges  0x0000000000000540       0x80 ../../../../../libopencm3//lib/libopencm3_stm32f4.a(systick.o)
 .debug_ranges  0x00000000000005c0       0x20 ../../../../../libopencm3//lib/libopencm3_stm32f4.a(scb.o)
 .debug_ranges  0x00000000000005e0       0x50 ../../../../../libopencm3//lib/libopencm3_stm32f4.a(nvic.o)
 .debug_ranges  0x0000000000000630       0x28 ../../../../../libopencm3//lib/libopencm3_stm32f4.a(flash_common_all.o)
 .debug_ranges  0x0000000000000658       0x38 ../../../../../libopencm3//lib/libopencm3_stm32f4.a(flash_common_idcache.o)
 .debug_ranges  0x0000000000000690       0x10 ../../../../../libopencm3//lib/libopencm3_stm32f4.a(pwr.o)

.debug_macro    0x0000000000000000     0x5984
 .debug_macro   0x0000000000000000       0xc1 clock.o
 .debug_macro   0x00000000000000c1      0xaa2 clock.o
 .debug_macro   0x0000000000000b63       0x1c clock.o
 .debug_macro   0x0000000000000b7f      0x34e clock.o
 .debug_macro   0x0000000000000ecd       0x22 clock.o
 .debug_macro   0x0000000000000eef       0xe8 clock.o
 .debug_macro   0x0000000000000fd7       0x76 clock.o
 .debug_macro   0x000000000000104d      0x280 clock.o
 .debug_macro   0x00000000000012cd       0x8e clock.o
 .debug_macro   0x000000000000135b       0x28 clock.o
 .debug_macro   0x0000000000001383      0xcea clock.o
 .debug_macro   0x000000000000206d       0x6e clock.o
 .debug_macro   0x00000000000020db      0x22c clock.o
 .debug_macro   0x0000000000002307       0x6f clock.o
 .debug_macro   0x0000000000002376      0x1b6 console.o
 .debug_macro   0x000000000000252c       0x22 console.o
 .debug_macro   0x000000000000254e       0x52 console.o
 .debug_macro   0x00000000000025a0       0x18 console.o
 .debug_macro   0x00000000000025b8       0x5c console.o
 .debug_macro   0x0000000000002614       0x35 console.o
 .debug_macro   0x0000000000002649       0x34 console.o
 .debug_macro   0x000000000000267d       0x76 console.o
 .debug_macro   0x00000000000026f3      0x37e console.o
 .debug_macro   0x0000000000002a71       0xca console.o
 .debug_macro   0x0000000000002b3b       0x94 console.o
 .debug_macro   0x0000000000002bcf      0x29e console.o
 .debug_macro   0x0000000000002e6d       0xa0 console.o
 .debug_macro   0x0000000000002f0d       0x70 console.o
 .debug_macro   0x0000000000002f7d      0x458 console.o
 .debug_macro   0x00000000000033d5       0x1f console.o
 .debug_macro   0x00000000000033f4       0x16 console.o
 .debug_macro   0x000000000000340a      0x12e spi-mems.o
 .debug_macro   0x0000000000003538      0x2eb spi-mems.o
 .debug_macro   0x0000000000003823       0x16 spi-mems.o
 .debug_macro   0x0000000000003839       0x22 spi-mems.o
 .debug_macro   0x000000000000385b       0x88 ../../../../../libopencm3//lib/libopencm3_stm32f4.a(gpio_common_all.o)
 .debug_macro   0x00000000000038e3      0xa9c ../../../../../libopencm3//lib/libopencm3_stm32f4.a(gpio_common_all.o)
 .debug_macro   0x000000000000437f       0x88 ../../../../../libopencm3//lib/libopencm3_stm32f4.a(gpio_common_f0234.o)
 .debug_macro   0x0000000000004407       0xa7 ../../../../../libopencm3//lib/libopencm3_stm32f4.a(rcc_common_all.o)
 .debug_macro   0x00000000000044ae       0xdb ../../../../../libopencm3//lib/libopencm3_stm32f4.a(rcc.o)
 .debug_macro   0x0000000000004589       0x16 ../../../../../libopencm3//lib/libopencm3_stm32f4.a(rcc.o)
 .debug_macro   0x000000000000459f       0x1c ../../../../../libopencm3//lib/libopencm3_stm32f4.a(rcc.o)
 .debug_macro   0x00000000000045bb      0x143 ../../../../../libopencm3//lib/libopencm3_stm32f4.a(rcc.o)
 .debug_macro   0x00000000000046fe       0x10 ../../../../../libopencm3//lib/libopencm3_stm32f4.a(rcc.o)
 .debug_macro   0x000000000000470e       0xb6 ../../../../../libopencm3//lib/libopencm3_stm32f4.a(spi_common_all.o)
 .debug_macro   0x00000000000047c4       0xc2 ../../../../../libopencm3//lib/libopencm3_stm32f4.a(usart_common_all.o)
 .debug_macro   0x0000000000004886       0x8a ../../../../../libopencm3//lib/libopencm3_stm32f4.a(vector.o)
 .debug_macro   0x0000000000004910      0x452 ../../../../../libopencm3//lib/libopencm3_stm32f4.a(vector.o)
 .debug_macro   0x0000000000004d62       0x49 ../../../../../libopencm3//lib/libopencm3_stm32f4.a(systick.o)
 .debug_macro   0x0000000000004dab       0x69 ../../../../../libopencm3//lib/libopencm3_stm32f4.a(systick.o)
 .debug_macro   0x0000000000004e14      0x123 ../../../../../libopencm3//lib/libopencm3_stm32f4.a(scb.o)
 .debug_macro   0x0000000000004f37       0x16 ../../../../../libopencm3//lib/libopencm3_stm32f4.a(scb.o)
 .debug_macro   0x0000000000004f4d      0x10e ../../../../../libopencm3//lib/libopencm3_stm32f4.a(scb.o)
 .debug_macro   0x000000000000505b       0x86 ../../../../../libopencm3//lib/libopencm3_stm32f4.a(scb.o)
 .debug_macro   0x00000000000050e1       0x16 ../../../../../libopencm3//lib/libopencm3_stm32f4.a(scb.o)
 .debug_macro   0x00000000000050f7       0x43 ../../../../../libopencm3//lib/libopencm3_stm32f4.a(scb.o)
 .debug_macro   0x000000000000513a       0x57 ../../../../../libopencm3//lib/libopencm3_stm32f4.a(scb.o)
 .debug_macro   0x0000000000005191       0x34 ../../../../../libopencm3//lib/libopencm3_stm32f4.a(scb.o)
 .debug_macro   0x00000000000051c5       0x10 ../../../../../libopencm3//lib/libopencm3_stm32f4.a(scb.o)
 .debug_macro   0x00000000000051d5       0x52 ../../../../../libopencm3//lib/libopencm3_stm32f4.a(scb.o)
 .debug_macro   0x0000000000005227      0x182 ../../../../../libopencm3//lib/libopencm3_stm32f4.a(scb.o)
 .debug_macro   0x00000000000053a9      0x35c ../../../../../libopencm3//lib/libopencm3_stm32f4.a(scb.o)
 .debug_macro   0x0000000000005705       0x22 ../../../../../libopencm3//lib/libopencm3_stm32f4.a(scb.o)
 .debug_macro   0x0000000000005727       0x6a ../../../../../libopencm3//lib/libopencm3_stm32f4.a(nvic.o)
 .debug_macro   0x0000000000005791       0x68 ../../../../../libopencm3//lib/libopencm3_stm32f4.a(nvic.o)
 .debug_macro   0x00000000000057f9       0x8e ../../../../../libopencm3//lib/libopencm3_stm32f4.a(flash_common_all.o)
 .debug_macro   0x0000000000005887       0x8e ../../../../../libopencm3//lib/libopencm3_stm32f4.a(flash_common_idcache.o)
 .debug_macro   0x0000000000005915       0x6f ../../../../../libopencm3//lib/libopencm3_stm32f4.a(pwr.o)

.debug_line     0x0000000000000000     0x4019
 .debug_line    0x0000000000000000      0x2cf clock.o
 .debug_line    0x00000000000002cf      0x622 console.o
 .debug_line    0x00000000000008f1      0x67b spi-mems.o
 .debug_line    0x0000000000000f6c      0x2a5 ../../../../../libopencm3//lib/libopencm3_stm32f4.a(gpio_common_all.o)
 .debug_line    0x0000000000001211      0x374 ../../../../../libopencm3//lib/libopencm3_stm32f4.a(gpio_common_f0234.o)
 .debug_line    0x0000000000001585      0x30c ../../../../../libopencm3//lib/libopencm3_stm32f4.a(rcc_common_all.o)
 .debug_line    0x0000000000001891      0x9d5 ../../../../../libopencm3//lib/libopencm3_stm32f4.a(rcc.o)
 .debug_line    0x0000000000002266      0x80f ../../../../../libopencm3//lib/libopencm3_stm32f4.a(spi_common_all.o)
 .debug_line    0x0000000000002a75      0x52b ../../../../../libopencm3//lib/libopencm3_stm32f4.a(usart_common_all.o)
 .debug_line    0x0000000000002fa0      0x321 ../../../../../libopencm3//lib/libopencm3_stm32f4.a(vector.o)
 .debug_line    0x00000000000032c1      0x26e ../../../../../libopencm3//lib/libopencm3_stm32f4.a(systick.o)
 .debug_line    0x000000000000352f      0x23e ../../../../../libopencm3//lib/libopencm3_stm32f4.a(scb.o)
 .debug_line    0x000000000000376d      0x27e ../../../../../libopencm3//lib/libopencm3_stm32f4.a(nvic.o)
 .debug_line    0x00000000000039eb      0x245 ../../../../../libopencm3//lib/libopencm3_stm32f4.a(flash_common_all.o)
 .debug_line    0x0000000000003c30      0x25e ../../../../../libopencm3//lib/libopencm3_stm32f4.a(flash_common_idcache.o)
 .debug_line    0x0000000000003e8e      0x18b ../../../../../libopencm3//lib/libopencm3_stm32f4.a(pwr.o)

.debug_str      0x0000000000000000    0x145eb
 .debug_str     0x0000000000000000     0x982d clock.o
                                       0x99f0 (size before relaxing)
 .debug_str     0x000000000000982d     0x4983 console.o
                                       0xe09b (size before relaxing)
 .debug_str     0x000000000000e1b0     0x10e5 spi-mems.o
                                       0xb7fc (size before relaxing)
 .debug_str     0x000000000000f295      0x194 ../../../../../libopencm3//lib/libopencm3_stm32f4.a(gpio_common_all.o)
                                       0x62ad (size before relaxing)
 .debug_str     0x000000000000f429       0x61 ../../../../../libopencm3//lib/libopencm3_stm32f4.a(gpio_common_f0234.o)
                                       0x62c5 (size before relaxing)
 .debug_str     0x000000000000f48a      0x475 ../../../../../libopencm3//lib/libopencm3_stm32f4.a(rcc_common_all.o)
                                       0x972e (size before relaxing)
 .debug_str     0x000000000000f8ff      0xad3 ../../../../../libopencm3//lib/libopencm3_stm32f4.a(rcc.o)
                                       0x9e45 (size before relaxing)
 .debug_str     0x00000000000103d2      0x32a ../../../../../libopencm3//lib/libopencm3_stm32f4.a(spi_common_all.o)
                                       0xa1ae (size before relaxing)
 .debug_str     0x00000000000106fc      0x1fe ../../../../../libopencm3//lib/libopencm3_stm32f4.a(usart_common_all.o)
                                       0xa1b4 (size before relaxing)
 .debug_str     0x00000000000108fa      0xe78 ../../../../../libopencm3//lib/libopencm3_stm32f4.a(vector.o)
                                       0x6b69 (size before relaxing)
 .debug_str     0x0000000000011772       0xbd ../../../../../libopencm3//lib/libopencm3_stm32f4.a(systick.o)
                                       0x41c6 (size before relaxing)
 .debug_str     0x000000000001182f     0x2c47 ../../../../../libopencm3//lib/libopencm3_stm32f4.a(scb.o)
                                       0x84b2 (size before relaxing)
 .debug_str     0x0000000000014476       0xc4 ../../../../../libopencm3//lib/libopencm3_stm32f4.a(nvic.o)
                                       0x5dd4 (size before relaxing)
 .debug_str     0x000000000001453a       0x64 ../../../../../libopencm3//lib/libopencm3_stm32f4.a(flash_common_all.o)
                                       0x560f (size before relaxing)
 .debug_str     0x000000000001459e       0x47 ../../../../../libopencm3//lib/libopencm3_stm32f4.a(flash_common_idcache.o)
                                       0x5631 (size before relaxing)
 .debug_str     0x00000000000145e5        0x6 ../../../../../libopencm3//lib/libopencm3_stm32f4.a(pwr.o)
                                       0x520d (size before relaxing)

.comment        0x0000000000000000       0x59
 .comment       0x0000000000000000       0x59 clock.o
                                         0x5a (size before relaxing)
 .comment       0x0000000000000059       0x5a console.o
 .comment       0x0000000000000059       0x5a spi-mems.o
 .comment       0x0000000000000059       0x5a ../../../../../libopencm3//lib/libopencm3_stm32f4.a(gpio_common_all.o)
 .comment       0x0000000000000059       0x5a ../../../../../libopencm3//lib/libopencm3_stm32f4.a(gpio_common_f0234.o)
 .comment       0x0000000000000059       0x5a ../../../../../libopencm3//lib/libopencm3_stm32f4.a(rcc_common_all.o)
 .comment       0x0000000000000059       0x5a ../../../../../libopencm3//lib/libopencm3_stm32f4.a(rcc.o)
 .comment       0x0000000000000059       0x5a ../../../../../libopencm3//lib/libopencm3_stm32f4.a(spi_common_all.o)
 .comment       0x0000000000000059       0x5a ../../../../../libopencm3//lib/libopencm3_stm32f4.a(usart_common_all.o)
 .comment       0x0000000000000059       0x5a ../../../../../libopencm3//lib/libopencm3_stm32f4.a(vector.o)
 .comment       0x0000000000000059       0x5a ../../../../../libopencm3//lib/libopencm3_stm32f4.a(systick.o)
 .comment       0x0000000000000059       0x5a ../../../../../libopencm3//lib/libopencm3_stm32f4.a(scb.o)
 .comment       0x0000000000000059       0x5a ../../../../../libopencm3//lib/libopencm3_stm32f4.a(nvic.o)
 .comment       0x0000000000000059       0x5a ../../../../../libopencm3//lib/libopencm3_stm32f4.a(flash_common_all.o)
 .comment       0x0000000000000059       0x5a ../../../../../libopencm3//lib/libopencm3_stm32f4.a(flash_common_idcache.o)
 .comment       0x0000000000000059       0x5a ../../../../../libopencm3//lib/libopencm3_stm32f4.a(pwr.o)

.ARM.attributes
                0x0000000000000000       0x34
 .ARM.attributes
                0x0000000000000000       0x34 clock.o
 .ARM.attributes
                0x0000000000000034       0x34 console.o
 .ARM.attributes
                0x0000000000000068       0x34 spi-mems.o
 .ARM.attributes
                0x000000000000009c       0x34 ../../../../../libopencm3//lib/libopencm3_stm32f4.a(gpio_common_all.o)
 .ARM.attributes
                0x00000000000000d0       0x34 ../../../../../libopencm3//lib/libopencm3_stm32f4.a(gpio_common_f0234.o)
 .ARM.attributes
                0x0000000000000104       0x34 ../../../../../libopencm3//lib/libopencm3_stm32f4.a(rcc_common_all.o)
 .ARM.attributes
                0x0000000000000138       0x34 ../../../../../libopencm3//lib/libopencm3_stm32f4.a(rcc.o)
 .ARM.attributes
                0x000000000000016c       0x34 ../../../../../libopencm3//lib/libopencm3_stm32f4.a(spi_common_all.o)
 .ARM.attributes
                0x00000000000001a0       0x34 ../../../../../libopencm3//lib/libopencm3_stm32f4.a(usart_common_all.o)
 .ARM.attributes
                0x00000000000001d4       0x34 ../../../../../libopencm3//lib/libopencm3_stm32f4.a(vector.o)
 .ARM.attributes
                0x0000000000000208       0x34 ../../../../../libopencm3//lib/libopencm3_stm32f4.a(systick.o)
 .ARM.attributes
                0x000000000000023c       0x34 ../../../../../libopencm3//lib/libopencm3_stm32f4.a(scb.o)
 .ARM.attributes
                0x0000000000000270       0x34 ../../../../../libopencm3//lib/libopencm3_stm32f4.a(nvic.o)
 .ARM.attributes
                0x00000000000002a4       0x34 ../../../../../libopencm3//lib/libopencm3_stm32f4.a(flash_common_all.o)
 .ARM.attributes
                0x00000000000002d8       0x34 ../../../../../libopencm3//lib/libopencm3_stm32f4.a(flash_common_idcache.o)
 .ARM.attributes
                0x000000000000030c       0x34 ../../../../../libopencm3//lib/libopencm3_stm32f4.a(pwr.o)

.debug_frame    0x0000000000000000      0xd94
 .debug_frame   0x0000000000000000       0x5c clock.o
 .debug_frame   0x000000000000005c       0xb0 console.o
 .debug_frame   0x000000000000010c      0x11c spi-mems.o
 .debug_frame   0x0000000000000228       0x80 ../../../../../libopencm3//lib/libopencm3_stm32f4.a(gpio_common_all.o)
 .debug_frame   0x00000000000002a8       0x70 ../../../../../libopencm3//lib/libopencm3_stm32f4.a(gpio_common_f0234.o)
 .debug_frame   0x0000000000000318       0xe0 ../../../../../libopencm3//lib/libopencm3_stm32f4.a(rcc_common_all.o)
 .debug_frame   0x00000000000003f8      0x234 ../../../../../libopencm3//lib/libopencm3_stm32f4.a(rcc.o)
 .debug_frame   0x000000000000062c      0x2d0 ../../../../../libopencm3//lib/libopencm3_stm32f4.a(spi_common_all.o)
 .debug_frame   0x00000000000008fc      0x1b4 ../../../../../libopencm3//lib/libopencm3_stm32f4.a(usart_common_all.o)
 .debug_frame   0x0000000000000ab0       0x4c ../../../../../libopencm3//lib/libopencm3_stm32f4.a(vector.o)
 .debug_frame   0x0000000000000afc       0xd8 ../../../../../libopencm3//lib/libopencm3_stm32f4.a(systick.o)
 .debug_frame   0x0000000000000bd4       0x40 ../../../../../libopencm3//lib/libopencm3_stm32f4.a(scb.o)
 .debug_frame   0x0000000000000c14       0xa0 ../../../../../libopencm3//lib/libopencm3_stm32f4.a(nvic.o)
 .debug_frame   0x0000000000000cb4       0x50 ../../../../../libopencm3//lib/libopencm3_stm32f4.a(flash_common_all.o)
 .debug_frame   0x0000000000000d04       0x70 ../../../../../libopencm3//lib/libopencm3_stm32f4.a(flash_common_idcache.o)
 .debug_frame   0x0000000000000d74       0x20 ../../../../../libopencm3//lib/libopencm3_stm32f4.a(pwr.o)

Cross Reference Table

Symbol                                            File
__fini_array_end                                  ../../../../../libopencm3//lib/libopencm3_stm32f4.a(vector.o)
__fini_array_start                                ../../../../../libopencm3//lib/libopencm3_stm32f4.a(vector.o)
__init_array_end                                  ../../../../../libopencm3//lib/libopencm3_stm32f4.a(vector.o)
__init_array_start                                ../../../../../libopencm3//lib/libopencm3_stm32f4.a(vector.o)
__preinit_array_end                               ../../../../../libopencm3//lib/libopencm3_stm32f4.a(vector.o)
__preinit_array_start                             ../../../../../libopencm3//lib/libopencm3_stm32f4.a(vector.o)
_data                                             ../../../../../libopencm3//lib/libopencm3_stm32f4.a(vector.o)
_data_loadaddr                                    ../../../../../libopencm3//lib/libopencm3_stm32f4.a(vector.o)
_ebss                                             ../../../../../libopencm3//lib/libopencm3_stm32f4.a(vector.o)
_edata                                            ../../../../../libopencm3//lib/libopencm3_stm32f4.a(vector.o)
_stack                                            ../../../../../libopencm3//lib/libopencm3_stm32f4.a(vector.o)
adc_isr                                           ../../../../../libopencm3//lib/libopencm3_stm32f4.a(vector.o)
axes                                              spi-mems.o
blocking_handler                                  ../../../../../libopencm3//lib/libopencm3_stm32f4.a(vector.o)
bus_fault_handler                                 ../../../../../libopencm3//lib/libopencm3_stm32f4.a(vector.o)
can1_rx0_isr                                      ../../../../../libopencm3//lib/libopencm3_stm32f4.a(vector.o)
can1_rx1_isr                                      ../../../../../libopencm3//lib/libopencm3_stm32f4.a(vector.o)
can1_sce_isr                                      ../../../../../libopencm3//lib/libopencm3_stm32f4.a(vector.o)
can1_tx_isr                                       ../../../../../libopencm3//lib/libopencm3_stm32f4.a(vector.o)
can2_rx0_isr                                      ../../../../../libopencm3//lib/libopencm3_stm32f4.a(vector.o)
can2_rx1_isr                                      ../../../../../libopencm3//lib/libopencm3_stm32f4.a(vector.o)
can2_sce_isr                                      ../../../../../libopencm3//lib/libopencm3_stm32f4.a(vector.o)
can2_tx_isr                                       ../../../../../libopencm3//lib/libopencm3_stm32f4.a(vector.o)
clock_setup                                       clock.o
                                                  spi-mems.o
console_getc                                      console.o
                                                  spi-mems.o
console_gets                                      console.o
console_putc                                      console.o
                                                  spi-mems.o
console_puts                                      console.o
                                                  spi-mems.o
console_setup                                     console.o
                                                  spi-mems.o
cryp_isr                                          ../../../../../libopencm3//lib/libopencm3_stm32f4.a(vector.o)
dcmi_isr                                          ../../../../../libopencm3//lib/libopencm3_stm32f4.a(vector.o)
debug_monitor_handler                             ../../../../../libopencm3//lib/libopencm3_stm32f4.a(vector.o)
dma1_stream0_isr                                  ../../../../../libopencm3//lib/libopencm3_stm32f4.a(vector.o)
dma1_stream1_isr                                  ../../../../../libopencm3//lib/libopencm3_stm32f4.a(vector.o)
dma1_stream2_isr                                  ../../../../../libopencm3//lib/libopencm3_stm32f4.a(vector.o)
dma1_stream3_isr                                  ../../../../../libopencm3//lib/libopencm3_stm32f4.a(vector.o)
dma1_stream4_isr                                  ../../../../../libopencm3//lib/libopencm3_stm32f4.a(vector.o)
dma1_stream5_isr                                  ../../../../../libopencm3//lib/libopencm3_stm32f4.a(vector.o)
dma1_stream6_isr                                  ../../../../../libopencm3//lib/libopencm3_stm32f4.a(vector.o)
dma1_stream7_isr                                  ../../../../../libopencm3//lib/libopencm3_stm32f4.a(vector.o)
dma2_stream0_isr                                  ../../../../../libopencm3//lib/libopencm3_stm32f4.a(vector.o)
dma2_stream1_isr                                  ../../../../../libopencm3//lib/libopencm3_stm32f4.a(vector.o)
dma2_stream2_isr                                  ../../../../../libopencm3//lib/libopencm3_stm32f4.a(vector.o)
dma2_stream3_isr                                  ../../../../../libopencm3//lib/libopencm3_stm32f4.a(vector.o)
dma2_stream4_isr                                  ../../../../../libopencm3//lib/libopencm3_stm32f4.a(vector.o)
dma2_stream5_isr                                  ../../../../../libopencm3//lib/libopencm3_stm32f4.a(vector.o)
dma2_stream6_isr                                  ../../../../../libopencm3//lib/libopencm3_stm32f4.a(vector.o)
dma2_stream7_isr                                  ../../../../../libopencm3//lib/libopencm3_stm32f4.a(vector.o)
dma2d_isr                                         ../../../../../libopencm3//lib/libopencm3_stm32f4.a(vector.o)
eth_isr                                           ../../../../../libopencm3//lib/libopencm3_stm32f4.a(vector.o)
eth_wkup_isr                                      ../../../../../libopencm3//lib/libopencm3_stm32f4.a(vector.o)
exti0_isr                                         ../../../../../libopencm3//lib/libopencm3_stm32f4.a(vector.o)
exti15_10_isr                                     ../../../../../libopencm3//lib/libopencm3_stm32f4.a(vector.o)
exti1_isr                                         ../../../../../libopencm3//lib/libopencm3_stm32f4.a(vector.o)
exti2_isr                                         ../../../../../libopencm3//lib/libopencm3_stm32f4.a(vector.o)
exti3_isr                                         ../../../../../libopencm3//lib/libopencm3_stm32f4.a(vector.o)
exti4_isr                                         ../../../../../libopencm3//lib/libopencm3_stm32f4.a(vector.o)
exti9_5_isr                                       ../../../../../libopencm3//lib/libopencm3_stm32f4.a(vector.o)
flash_dcache_disable                              ../../../../../libopencm3//lib/libopencm3_stm32f4.a(flash_common_idcache.o)
                                                  ../../../../../libopencm3//lib/libopencm3_stm32f4.a(rcc.o)
flash_dcache_enable                               ../../../../../libopencm3//lib/libopencm3_stm32f4.a(flash_common_idcache.o)
                                                  ../../../../../libopencm3//lib/libopencm3_stm32f4.a(rcc.o)
flash_dcache_reset                                ../../../../../libopencm3//lib/libopencm3_stm32f4.a(flash_common_idcache.o)
flash_icache_disable                              ../../../../../libopencm3//lib/libopencm3_stm32f4.a(flash_common_idcache.o)
                                                  ../../../../../libopencm3//lib/libopencm3_stm32f4.a(rcc.o)
flash_icache_enable                               ../../../../../libopencm3//lib/libopencm3_stm32f4.a(flash_common_idcache.o)
                                                  ../../../../../libopencm3//lib/libopencm3_stm32f4.a(rcc.o)
flash_icache_reset                                ../../../../../libopencm3//lib/libopencm3_stm32f4.a(flash_common_idcache.o)
flash_isr                                         ../../../../../libopencm3//lib/libopencm3_stm32f4.a(vector.o)
flash_prefetch_disable                            ../../../../../libopencm3//lib/libopencm3_stm32f4.a(flash_common_all.o)
flash_prefetch_enable                             ../../../../../libopencm3//lib/libopencm3_stm32f4.a(flash_common_all.o)
flash_set_ws                                      ../../../../../libopencm3//lib/libopencm3_stm32f4.a(flash_common_all.o)
                                                  ../../../../../libopencm3//lib/libopencm3_stm32f4.a(rcc.o)
flash_unlock_option_bytes                         ../../../../../libopencm3//lib/libopencm3_stm32f4.a(flash_common_all.o)
fpu_isr                                           ../../../../../libopencm3//lib/libopencm3_stm32f4.a(vector.o)
fsmc_isr                                          ../../../../../libopencm3//lib/libopencm3_stm32f4.a(vector.o)
gpio_clear                                        ../../../../../libopencm3//lib/libopencm3_stm32f4.a(gpio_common_all.o)
                                                  spi-mems.o
gpio_get                                          ../../../../../libopencm3//lib/libopencm3_stm32f4.a(gpio_common_all.o)
gpio_mode_setup                                   ../../../../../libopencm3//lib/libopencm3_stm32f4.a(gpio_common_f0234.o)
                                                  spi-mems.o
                                                  console.o
gpio_port_config_lock                             ../../../../../libopencm3//lib/libopencm3_stm32f4.a(gpio_common_all.o)
gpio_port_read                                    ../../../../../libopencm3//lib/libopencm3_stm32f4.a(gpio_common_all.o)
gpio_port_write                                   ../../../../../libopencm3//lib/libopencm3_stm32f4.a(gpio_common_all.o)
gpio_set                                          ../../../../../libopencm3//lib/libopencm3_stm32f4.a(gpio_common_all.o)
                                                  spi-mems.o
gpio_set_af                                       ../../../../../libopencm3//lib/libopencm3_stm32f4.a(gpio_common_f0234.o)
                                                  spi-mems.o
                                                  console.o
gpio_set_output_options                           ../../../../../libopencm3//lib/libopencm3_stm32f4.a(gpio_common_f0234.o)
                                                  spi-mems.o
gpio_toggle                                       ../../../../../libopencm3//lib/libopencm3_stm32f4.a(gpio_common_all.o)
hard_fault_handler                                ../../../../../libopencm3//lib/libopencm3_stm32f4.a(vector.o)
hash_rng_isr                                      ../../../../../libopencm3//lib/libopencm3_stm32f4.a(vector.o)
i2c1_er_isr                                       ../../../../../libopencm3//lib/libopencm3_stm32f4.a(vector.o)
i2c1_ev_isr                                       ../../../../../libopencm3//lib/libopencm3_stm32f4.a(vector.o)
i2c2_er_isr                                       ../../../../../libopencm3//lib/libopencm3_stm32f4.a(vector.o)
i2c2_ev_isr                                       ../../../../../libopencm3//lib/libopencm3_stm32f4.a(vector.o)
i2c3_er_isr                                       ../../../../../libopencm3//lib/libopencm3_stm32f4.a(vector.o)
i2c3_ev_isr                                       ../../../../../libopencm3//lib/libopencm3_stm32f4.a(vector.o)
lcd_tft_err_isr                                   ../../../../../libopencm3//lib/libopencm3_stm32f4.a(vector.o)
lcd_tft_isr                                       ../../../../../libopencm3//lib/libopencm3_stm32f4.a(vector.o)
main                                              spi-mems.o
                                                  ../../../../../libopencm3//lib/libopencm3_stm32f4.a(vector.o)
mem_manage_handler                                ../../../../../libopencm3//lib/libopencm3_stm32f4.a(vector.o)
msleep                                            clock.o
                                                  spi-mems.o
mtime                                             clock.o
nmi_handler                                       ../../../../../libopencm3//lib/libopencm3_stm32f4.a(vector.o)
null_handler                                      ../../../../../libopencm3//lib/libopencm3_stm32f4.a(vector.o)
nvic_clear_pending_irq                            ../../../../../libopencm3//lib/libopencm3_stm32f4.a(nvic.o)
nvic_disable_irq                                  ../../../../../libopencm3//lib/libopencm3_stm32f4.a(nvic.o)
nvic_enable_irq                                   ../../../../../libopencm3//lib/libopencm3_stm32f4.a(nvic.o)
                                                  console.o
nvic_generate_software_interrupt                  ../../../../../libopencm3//lib/libopencm3_stm32f4.a(nvic.o)
nvic_get_active_irq                               ../../../../../libopencm3//lib/libopencm3_stm32f4.a(nvic.o)
nvic_get_irq_enabled                              ../../../../../libopencm3//lib/libopencm3_stm32f4.a(nvic.o)
nvic_get_pending_irq                              ../../../../../libopencm3//lib/libopencm3_stm32f4.a(nvic.o)
nvic_set_pending_irq                              ../../../../../libopencm3//lib/libopencm3_stm32f4.a(nvic.o)
nvic_set_priority                                 ../../../../../libopencm3//lib/libopencm3_stm32f4.a(nvic.o)
nvic_wwdg_isr                                     ../../../../../libopencm3//lib/libopencm3_stm32f4.a(vector.o)
otg_fs_isr                                        ../../../../../libopencm3//lib/libopencm3_stm32f4.a(vector.o)
otg_hs_ep1_in_isr                                 ../../../../../libopencm3//lib/libopencm3_stm32f4.a(vector.o)
otg_hs_ep1_out_isr                                ../../../../../libopencm3//lib/libopencm3_stm32f4.a(vector.o)
otg_hs_isr                                        ../../../../../libopencm3//lib/libopencm3_stm32f4.a(vector.o)
otg_hs_wkup_isr                                   ../../../../../libopencm3//lib/libopencm3_stm32f4.a(vector.o)
pend_sv_handler                                   ../../../../../libopencm3//lib/libopencm3_stm32f4.a(vector.o)
print_decimal                                     spi-mems.o
put_status                                        spi-mems.o
pvd_isr                                           ../../../../../libopencm3//lib/libopencm3_stm32f4.a(vector.o)
pwr_set_vos_scale                                 ../../../../../libopencm3//lib/libopencm3_stm32f4.a(pwr.o)
                                                  ../../../../../libopencm3//lib/libopencm3_stm32f4.a(rcc.o)
rcc_ahb_frequency                                 ../../../../../libopencm3//lib/libopencm3_stm32f4.a(rcc.o)
rcc_apb1_frequency                                ../../../../../libopencm3//lib/libopencm3_stm32f4.a(rcc.o)
                                                  ../../../../../libopencm3//lib/libopencm3_stm32f4.a(usart_common_all.o)
rcc_apb2_frequency                                ../../../../../libopencm3//lib/libopencm3_stm32f4.a(rcc.o)
                                                  ../../../../../libopencm3//lib/libopencm3_stm32f4.a(usart_common_all.o)
rcc_clock_setup_hse_3v3                           ../../../../../libopencm3//lib/libopencm3_stm32f4.a(rcc.o)
rcc_clock_setup_pll                               ../../../../../libopencm3//lib/libopencm3_stm32f4.a(rcc.o)
                                                  clock.o
rcc_css_disable                                   ../../../../../libopencm3//lib/libopencm3_stm32f4.a(rcc.o)
rcc_css_enable                                    ../../../../../libopencm3//lib/libopencm3_stm32f4.a(rcc.o)
rcc_css_int_clear                                 ../../../../../libopencm3//lib/libopencm3_stm32f4.a(rcc.o)
rcc_css_int_flag                                  ../../../../../libopencm3//lib/libopencm3_stm32f4.a(rcc.o)
rcc_get_div_from_hpre                             ../../../../../libopencm3//lib/libopencm3_stm32f4.a(rcc_common_all.o)
rcc_get_i2c_clk_freq                              ../../../../../libopencm3//lib/libopencm3_stm32f4.a(rcc.o)
rcc_get_spi_clk_freq                              ../../../../../libopencm3//lib/libopencm3_stm32f4.a(rcc.o)
rcc_get_timer_clk_freq                            ../../../../../libopencm3//lib/libopencm3_stm32f4.a(rcc.o)
rcc_get_usart_clk_freq                            ../../../../../libopencm3//lib/libopencm3_stm32f4.a(rcc.o)
rcc_hse_12mhz_3v3                                 ../../../../../libopencm3//lib/libopencm3_stm32f4.a(rcc.o)
rcc_hse_16mhz_3v3                                 ../../../../../libopencm3//lib/libopencm3_stm32f4.a(rcc.o)
rcc_hse_25mhz_3v3                                 ../../../../../libopencm3//lib/libopencm3_stm32f4.a(rcc.o)
rcc_hse_8mhz_3v3                                  ../../../../../libopencm3//lib/libopencm3_stm32f4.a(rcc.o)
                                                  clock.o
rcc_hsi_configs                                   ../../../../../libopencm3//lib/libopencm3_stm32f4.a(rcc.o)
rcc_is_osc_ready                                  ../../../../../libopencm3//lib/libopencm3_stm32f4.a(rcc.o)
rcc_isr                                           ../../../../../libopencm3//lib/libopencm3_stm32f4.a(vector.o)
rcc_osc_bypass_disable                            ../../../../../libopencm3//lib/libopencm3_stm32f4.a(rcc_common_all.o)
rcc_osc_bypass_enable                             ../../../../../libopencm3//lib/libopencm3_stm32f4.a(rcc_common_all.o)
rcc_osc_off                                       ../../../../../libopencm3//lib/libopencm3_stm32f4.a(rcc.o)
rcc_osc_on                                        ../../../../../libopencm3//lib/libopencm3_stm32f4.a(rcc.o)
rcc_osc_ready_int_clear                           ../../../../../libopencm3//lib/libopencm3_stm32f4.a(rcc.o)
rcc_osc_ready_int_disable                         ../../../../../libopencm3//lib/libopencm3_stm32f4.a(rcc.o)
rcc_osc_ready_int_enable                          ../../../../../libopencm3//lib/libopencm3_stm32f4.a(rcc.o)
rcc_osc_ready_int_flag                            ../../../../../libopencm3//lib/libopencm3_stm32f4.a(rcc.o)
rcc_periph_clock_disable                          ../../../../../libopencm3//lib/libopencm3_stm32f4.a(rcc_common_all.o)
rcc_periph_clock_enable                           ../../../../../libopencm3//lib/libopencm3_stm32f4.a(rcc_common_all.o)
                                                  ../../../../../libopencm3//lib/libopencm3_stm32f4.a(rcc.o)
                                                  spi-mems.o
                                                  console.o
rcc_periph_reset_hold                             ../../../../../libopencm3//lib/libopencm3_stm32f4.a(rcc_common_all.o)
rcc_periph_reset_pulse                            ../../../../../libopencm3//lib/libopencm3_stm32f4.a(rcc_common_all.o)
                                                  ../../../../../libopencm3//lib/libopencm3_stm32f4.a(spi_common_all.o)
rcc_periph_reset_release                          ../../../../../libopencm3//lib/libopencm3_stm32f4.a(rcc_common_all.o)
rcc_peripheral_clear_reset                        ../../../../../libopencm3//lib/libopencm3_stm32f4.a(rcc_common_all.o)
rcc_peripheral_disable_clock                      ../../../../../libopencm3//lib/libopencm3_stm32f4.a(rcc_common_all.o)
rcc_peripheral_enable_clock                       ../../../../../libopencm3//lib/libopencm3_stm32f4.a(rcc_common_all.o)
rcc_peripheral_reset                              ../../../../../libopencm3//lib/libopencm3_stm32f4.a(rcc_common_all.o)
rcc_plli2s_config                                 ../../../../../libopencm3//lib/libopencm3_stm32f4.a(rcc.o)
rcc_pllsai_config                                 ../../../../../libopencm3//lib/libopencm3_stm32f4.a(rcc.o)
rcc_pllsai_postscalers                            ../../../../../libopencm3//lib/libopencm3_stm32f4.a(rcc.o)
rcc_set_hpre                                      ../../../../../libopencm3//lib/libopencm3_stm32f4.a(rcc.o)
rcc_set_main_pll_hse                              ../../../../../libopencm3//lib/libopencm3_stm32f4.a(rcc.o)
rcc_set_main_pll_hsi                              ../../../../../libopencm3//lib/libopencm3_stm32f4.a(rcc.o)
rcc_set_mco                                       ../../../../../libopencm3//lib/libopencm3_stm32f4.a(rcc_common_all.o)
rcc_set_pll_source                                ../../../../../libopencm3//lib/libopencm3_stm32f4.a(rcc.o)
rcc_set_ppre1                                     ../../../../../libopencm3//lib/libopencm3_stm32f4.a(rcc.o)
rcc_set_ppre2                                     ../../../../../libopencm3//lib/libopencm3_stm32f4.a(rcc.o)
rcc_set_rtcpre                                    ../../../../../libopencm3//lib/libopencm3_stm32f4.a(rcc.o)
rcc_set_sysclk_source                             ../../../../../libopencm3//lib/libopencm3_stm32f4.a(rcc.o)
rcc_system_clock_source                           ../../../../../libopencm3//lib/libopencm3_stm32f4.a(rcc.o)
rcc_wait_for_osc_ready                            ../../../../../libopencm3//lib/libopencm3_stm32f4.a(rcc.o)
rcc_wait_for_sysclk_status                        ../../../../../libopencm3//lib/libopencm3_stm32f4.a(rcc.o)
read_reg                                          spi-mems.o
read_xyz                                          spi-mems.o
recv_buf                                          console.o
recv_ndx_cur                                      console.o
recv_ndx_nxt                                      console.o
reset_handler                                     ../../../../../libopencm3//lib/libopencm3_stm32f4.a(vector.o)
rtc_alarm_isr                                     ../../../../../libopencm3//lib/libopencm3_stm32f4.a(vector.o)
rtc_wkup_isr                                      ../../../../../libopencm3//lib/libopencm3_stm32f4.a(vector.o)
sai1_isr                                          ../../../../../libopencm3//lib/libopencm3_stm32f4.a(vector.o)
scb_reset_core                                    ../../../../../libopencm3//lib/libopencm3_stm32f4.a(scb.o)
scb_reset_system                                  ../../../../../libopencm3//lib/libopencm3_stm32f4.a(scb.o)
                                                  console.o
scb_set_priority_grouping                         ../../../../../libopencm3//lib/libopencm3_stm32f4.a(scb.o)
sdio_isr                                          ../../../../../libopencm3//lib/libopencm3_stm32f4.a(vector.o)
spi1_isr                                          ../../../../../libopencm3//lib/libopencm3_stm32f4.a(vector.o)
spi2_isr                                          ../../../../../libopencm3//lib/libopencm3_stm32f4.a(vector.o)
spi3_isr                                          ../../../../../libopencm3//lib/libopencm3_stm32f4.a(vector.o)
spi4_isr                                          ../../../../../libopencm3//lib/libopencm3_stm32f4.a(vector.o)
spi5_isr                                          ../../../../../libopencm3//lib/libopencm3_stm32f4.a(vector.o)
spi6_isr                                          ../../../../../libopencm3//lib/libopencm3_stm32f4.a(vector.o)
spi_clean_disable                                 ../../../../../libopencm3//lib/libopencm3_stm32f4.a(spi_common_all.o)
spi_disable                                       ../../../../../libopencm3//lib/libopencm3_stm32f4.a(spi_common_all.o)
spi_disable_crc                                   ../../../../../libopencm3//lib/libopencm3_stm32f4.a(spi_common_all.o)
spi_disable_error_interrupt                       ../../../../../libopencm3//lib/libopencm3_stm32f4.a(spi_common_all.o)
spi_disable_rx_buffer_not_empty_interrupt         ../../../../../libopencm3//lib/libopencm3_stm32f4.a(spi_common_all.o)
spi_disable_rx_dma                                ../../../../../libopencm3//lib/libopencm3_stm32f4.a(spi_common_all.o)
spi_disable_software_slave_management             ../../../../../libopencm3//lib/libopencm3_stm32f4.a(spi_common_all.o)
spi_disable_ss_output                             ../../../../../libopencm3//lib/libopencm3_stm32f4.a(spi_common_all.o)
spi_disable_tx_buffer_empty_interrupt             ../../../../../libopencm3//lib/libopencm3_stm32f4.a(spi_common_all.o)
spi_disable_tx_dma                                ../../../../../libopencm3//lib/libopencm3_stm32f4.a(spi_common_all.o)
spi_enable                                        ../../../../../libopencm3//lib/libopencm3_stm32f4.a(spi_common_all.o)
                                                  spi-mems.o
spi_enable_crc                                    ../../../../../libopencm3//lib/libopencm3_stm32f4.a(spi_common_all.o)
spi_enable_error_interrupt                        ../../../../../libopencm3//lib/libopencm3_stm32f4.a(spi_common_all.o)
spi_enable_rx_buffer_not_empty_interrupt          ../../../../../libopencm3//lib/libopencm3_stm32f4.a(spi_common_all.o)
spi_enable_rx_dma                                 ../../../../../libopencm3//lib/libopencm3_stm32f4.a(spi_common_all.o)
spi_enable_software_slave_management              ../../../../../libopencm3//lib/libopencm3_stm32f4.a(spi_common_all.o)
                                                  spi-mems.o
spi_enable_ss_output                              ../../../../../libopencm3//lib/libopencm3_stm32f4.a(spi_common_all.o)
spi_enable_tx_buffer_empty_interrupt              ../../../../../libopencm3//lib/libopencm3_stm32f4.a(spi_common_all.o)
spi_enable_tx_dma                                 ../../../../../libopencm3//lib/libopencm3_stm32f4.a(spi_common_all.o)
spi_init                                          spi-mems.o
spi_read                                          ../../../../../libopencm3//lib/libopencm3_stm32f4.a(spi_common_all.o)
                                                  spi-mems.o
spi_reset                                         ../../../../../libopencm3//lib/libopencm3_stm32f4.a(spi_common_all.o)
spi_send                                          ../../../../../libopencm3//lib/libopencm3_stm32f4.a(spi_common_all.o)
                                                  spi-mems.o
spi_send_lsb_first                                ../../../../../libopencm3//lib/libopencm3_stm32f4.a(spi_common_all.o)
spi_send_msb_first                                ../../../../../libopencm3//lib/libopencm3_stm32f4.a(spi_common_all.o)
                                                  spi-mems.o
spi_set_baudrate_prescaler                        ../../../../../libopencm3//lib/libopencm3_stm32f4.a(spi_common_all.o)
                                                  spi-mems.o
spi_set_bidirectional_mode                        ../../../../../libopencm3//lib/libopencm3_stm32f4.a(spi_common_all.o)
spi_set_bidirectional_receive_only_mode           ../../../../../libopencm3//lib/libopencm3_stm32f4.a(spi_common_all.o)
spi_set_bidirectional_transmit_only_mode          ../../../../../libopencm3//lib/libopencm3_stm32f4.a(spi_common_all.o)
spi_set_clock_phase_0                             ../../../../../libopencm3//lib/libopencm3_stm32f4.a(spi_common_all.o)
                                                  spi-mems.o
spi_set_clock_phase_1                             ../../../../../libopencm3//lib/libopencm3_stm32f4.a(spi_common_all.o)
spi_set_clock_polarity_0                          ../../../../../libopencm3//lib/libopencm3_stm32f4.a(spi_common_all.o)
                                                  spi-mems.o
spi_set_clock_polarity_1                          ../../../../../libopencm3//lib/libopencm3_stm32f4.a(spi_common_all.o)
spi_set_full_duplex_mode                          ../../../../../libopencm3//lib/libopencm3_stm32f4.a(spi_common_all.o)
                                                  spi-mems.o
spi_set_master_mode                               ../../../../../libopencm3//lib/libopencm3_stm32f4.a(spi_common_all.o)
                                                  spi-mems.o
spi_set_next_tx_from_buffer                       ../../../../../libopencm3//lib/libopencm3_stm32f4.a(spi_common_all.o)
spi_set_next_tx_from_crc                          ../../../../../libopencm3//lib/libopencm3_stm32f4.a(spi_common_all.o)
spi_set_nss_high                                  ../../../../../libopencm3//lib/libopencm3_stm32f4.a(spi_common_all.o)
                                                  spi-mems.o
spi_set_nss_low                                   ../../../../../libopencm3//lib/libopencm3_stm32f4.a(spi_common_all.o)
spi_set_receive_only_mode                         ../../../../../libopencm3//lib/libopencm3_stm32f4.a(spi_common_all.o)
spi_set_slave_mode                                ../../../../../libopencm3//lib/libopencm3_stm32f4.a(spi_common_all.o)
spi_set_standard_mode                             ../../../../../libopencm3//lib/libopencm3_stm32f4.a(spi_common_all.o)
spi_set_unidirectional_mode                       ../../../../../libopencm3//lib/libopencm3_stm32f4.a(spi_common_all.o)
                                                  spi-mems.o
spi_setup                                         spi-mems.o
spi_write                                         ../../../../../libopencm3//lib/libopencm3_stm32f4.a(spi_common_all.o)
spi_xfer                                          ../../../../../libopencm3//lib/libopencm3_stm32f4.a(spi_common_all.o)
sv_call_handler                                   ../../../../../libopencm3//lib/libopencm3_stm32f4.a(vector.o)
sys_tick_handler                                  clock.o
systick_clear                                     ../../../../../libopencm3//lib/libopencm3_stm32f4.a(systick.o)
systick_counter_disable                           ../../../../../libopencm3//lib/libopencm3_stm32f4.a(systick.o)
systick_counter_enable                            ../../../../../libopencm3//lib/libopencm3_stm32f4.a(systick.o)
                                                  clock.o
systick_get_calib                                 ../../../../../libopencm3//lib/libopencm3_stm32f4.a(systick.o)
systick_get_countflag                             ../../../../../libopencm3//lib/libopencm3_stm32f4.a(systick.o)
systick_get_reload                                ../../../../../libopencm3//lib/libopencm3_stm32f4.a(systick.o)
systick_get_value                                 ../../../../../libopencm3//lib/libopencm3_stm32f4.a(systick.o)
systick_interrupt_disable                         ../../../../../libopencm3//lib/libopencm3_stm32f4.a(systick.o)
systick_interrupt_enable                          ../../../../../libopencm3//lib/libopencm3_stm32f4.a(systick.o)
                                                  clock.o
systick_set_clocksource                           ../../../../../libopencm3//lib/libopencm3_stm32f4.a(systick.o)
                                                  clock.o
systick_set_frequency                             ../../../../../libopencm3//lib/libopencm3_stm32f4.a(systick.o)
systick_set_reload                                ../../../../../libopencm3//lib/libopencm3_stm32f4.a(systick.o)
                                                  clock.o
tamp_stamp_isr                                    ../../../../../libopencm3//lib/libopencm3_stm32f4.a(vector.o)
tim1_brk_tim9_isr                                 ../../../../../libopencm3//lib/libopencm3_stm32f4.a(vector.o)
tim1_cc_isr                                       ../../../../../libopencm3//lib/libopencm3_stm32f4.a(vector.o)
tim1_trg_com_tim11_isr                            ../../../../../libopencm3//lib/libopencm3_stm32f4.a(vector.o)
tim1_up_tim10_isr                                 ../../../../../libopencm3//lib/libopencm3_stm32f4.a(vector.o)
tim2_isr                                          ../../../../../libopencm3//lib/libopencm3_stm32f4.a(vector.o)
tim3_isr                                          ../../../../../libopencm3//lib/libopencm3_stm32f4.a(vector.o)
tim4_isr                                          ../../../../../libopencm3//lib/libopencm3_stm32f4.a(vector.o)
tim5_isr                                          ../../../../../libopencm3//lib/libopencm3_stm32f4.a(vector.o)
tim6_dac_isr                                      ../../../../../libopencm3//lib/libopencm3_stm32f4.a(vector.o)
tim7_isr                                          ../../../../../libopencm3//lib/libopencm3_stm32f4.a(vector.o)
tim8_brk_tim12_isr                                ../../../../../libopencm3//lib/libopencm3_stm32f4.a(vector.o)
tim8_cc_isr                                       ../../../../../libopencm3//lib/libopencm3_stm32f4.a(vector.o)
tim8_trg_com_tim14_isr                            ../../../../../libopencm3//lib/libopencm3_stm32f4.a(vector.o)
tim8_up_tim13_isr                                 ../../../../../libopencm3//lib/libopencm3_stm32f4.a(vector.o)
uart4_isr                                         ../../../../../libopencm3//lib/libopencm3_stm32f4.a(vector.o)
uart5_isr                                         ../../../../../libopencm3//lib/libopencm3_stm32f4.a(vector.o)
uart7_isr                                         ../../../../../libopencm3//lib/libopencm3_stm32f4.a(vector.o)
uart8_isr                                         ../../../../../libopencm3//lib/libopencm3_stm32f4.a(vector.o)
usage_fault_handler                               ../../../../../libopencm3//lib/libopencm3_stm32f4.a(vector.o)
usart1_isr                                        console.o
usart2_isr                                        ../../../../../libopencm3//lib/libopencm3_stm32f4.a(vector.o)
usart3_isr                                        ../../../../../libopencm3//lib/libopencm3_stm32f4.a(vector.o)
usart6_isr                                        ../../../../../libopencm3//lib/libopencm3_stm32f4.a(vector.o)
usart_disable                                     ../../../../../libopencm3//lib/libopencm3_stm32f4.a(usart_common_all.o)
usart_disable_error_interrupt                     ../../../../../libopencm3//lib/libopencm3_stm32f4.a(usart_common_all.o)
usart_disable_idle_interrupt                      ../../../../../libopencm3//lib/libopencm3_stm32f4.a(usart_common_all.o)
usart_disable_rx_dma                              ../../../../../libopencm3//lib/libopencm3_stm32f4.a(usart_common_all.o)
usart_disable_rx_interrupt                        ../../../../../libopencm3//lib/libopencm3_stm32f4.a(usart_common_all.o)
usart_disable_tx_complete_interrupt               ../../../../../libopencm3//lib/libopencm3_stm32f4.a(usart_common_all.o)
usart_disable_tx_dma                              ../../../../../libopencm3//lib/libopencm3_stm32f4.a(usart_common_all.o)
usart_disable_tx_interrupt                        ../../../../../libopencm3//lib/libopencm3_stm32f4.a(usart_common_all.o)
usart_enable                                      ../../../../../libopencm3//lib/libopencm3_stm32f4.a(usart_common_all.o)
                                                  console.o
usart_enable_error_interrupt                      ../../../../../libopencm3//lib/libopencm3_stm32f4.a(usart_common_all.o)
usart_enable_idle_interrupt                       ../../../../../libopencm3//lib/libopencm3_stm32f4.a(usart_common_all.o)
usart_enable_rx_dma                               ../../../../../libopencm3//lib/libopencm3_stm32f4.a(usart_common_all.o)
usart_enable_rx_interrupt                         ../../../../../libopencm3//lib/libopencm3_stm32f4.a(usart_common_all.o)
                                                  console.o
usart_enable_tx_complete_interrupt                ../../../../../libopencm3//lib/libopencm3_stm32f4.a(usart_common_all.o)
usart_enable_tx_dma                               ../../../../../libopencm3//lib/libopencm3_stm32f4.a(usart_common_all.o)
usart_enable_tx_interrupt                         ../../../../../libopencm3//lib/libopencm3_stm32f4.a(usart_common_all.o)
usart_get_flag                                    ../../../../../libopencm3//lib/libopencm3_stm32f4.a(usart_common_f124.o)
usart_recv                                        ../../../../../libopencm3//lib/libopencm3_stm32f4.a(usart_common_f124.o)
                                                  ../../../../../libopencm3//lib/libopencm3_stm32f4.a(usart_common_all.o)
usart_recv_blocking                               ../../../../../libopencm3//lib/libopencm3_stm32f4.a(usart_common_all.o)
usart_send                                        ../../../../../libopencm3//lib/libopencm3_stm32f4.a(usart_common_f124.o)
                                                  ../../../../../libopencm3//lib/libopencm3_stm32f4.a(usart_common_all.o)
usart_send_blocking                               ../../../../../libopencm3//lib/libopencm3_stm32f4.a(usart_common_all.o)
usart_set_baudrate                                ../../../../../libopencm3//lib/libopencm3_stm32f4.a(usart_common_all.o)
                                                  console.o
usart_set_databits                                ../../../../../libopencm3//lib/libopencm3_stm32f4.a(usart_common_all.o)
                                                  console.o
usart_set_flow_control                            ../../../../../libopencm3//lib/libopencm3_stm32f4.a(usart_common_all.o)
                                                  console.o
usart_set_mode                                    ../../../../../libopencm3//lib/libopencm3_stm32f4.a(usart_common_all.o)
                                                  console.o
usart_set_parity                                  ../../../../../libopencm3//lib/libopencm3_stm32f4.a(usart_common_all.o)
                                                  console.o
usart_set_stopbits                                ../../../../../libopencm3//lib/libopencm3_stm32f4.a(usart_common_all.o)
                                                  console.o
usart_wait_recv_ready                             ../../../../../libopencm3//lib/libopencm3_stm32f4.a(usart_common_f124.o)
                                                  ../../../../../libopencm3//lib/libopencm3_stm32f4.a(usart_common_all.o)
usart_wait_send_ready                             ../../../../../libopencm3//lib/libopencm3_stm32f4.a(usart_common_f124.o)
                                                  ../../../../../libopencm3//lib/libopencm3_stm32f4.a(usart_common_all.o)
usb_fs_wkup_isr                                   ../../../../../libopencm3//lib/libopencm3_stm32f4.a(vector.o)
vector_table                                      ../../../../../libopencm3//lib/libopencm3_stm32f4.a(vector.o)
write_reg                                         spi-mems.o
